warning: unused variable: `circuit_committee_n`
  --> crates/aggregator/src/public_key_aggregation/effects/aggregate_dkg_proofs.rs:22:13
   |
22 |             circuit_committee_n,
   |             ^^^^^^^^^^^^^^^^^^^ help: try ignoring the field: `circuit_committee_n: _`
   |
   = note: `#[warn(unused_variables)]` (part of `#[warn(unused)]`) on by default

warning: unused variable: `circuit_committee_h`
  --> crates/aggregator/src/public_key_aggregation/effects/aggregate_dkg_proofs.rs:23:13
   |
23 |             circuit_committee_h,
   |             ^^^^^^^^^^^^^^^^^^^ help: try ignoring the field: `circuit_committee_h: _`

warning: `e3-aggregator` (lib) generated 2 warnings
   Compiling e3-zk-prover v0.14.0 (/home/dev/interfold-research/interfold/crates/zk-prover)
    Finished `release` profile [optimized] target(s) in 4.63s
     Running tests/c7_secure_small_r121.rs (target/release/deps/c7_secure_small_r121-91937e1f9f1ac68a)

running 1 test
Verifying proof for circuit threshold/decrypted_shares_aggregation with e3_id e3-r121-c7-0 and party_id 1
c7 prove #1/5 secure/small T=9/H=10: PROVE 5.93s / VERIFY 0.01s (ok=true)
Verifying proof for circuit threshold/decrypted_shares_aggregation with e3_id e3-r121-c7-1 and party_id 1
c7 prove #2/5 secure/small T=9/H=10: PROVE 5.74s / VERIFY 0.01s (ok=true)
Verifying proof for circuit threshold/decrypted_shares_aggregation with e3_id e3-r121-c7-2 and party_id 1
c7 prove #3/5 secure/small T=9/H=10: PROVE 5.79s / VERIFY 0.01s (ok=true)
Verifying proof for circuit threshold/decrypted_shares_aggregation with e3_id e3-r121-c7-3 and party_id 1
c7 prove #4/5 secure/small T=9/H=10: PROVE 5.79s / VERIFY 0.01s (ok=true)
test c7_secure_small_proves_and_verifies has been running for over 60 seconds
Verifying proof for circuit threshold/decrypted_shares_aggregation with e3_id e3-r121-c7-4 and party_id 1
c7 prove #5/5 secure/small T=9/H=10: PROVE 5.77s / VERIFY 0.01s (ok=true)

C7 PRODUCTION-FIELD ANCHOR GREEN @secure-8192/small (N=19/T=9/H=10/L=3): 5 PROVES, each 5.74-5.93s, avg 5.80s; samples x5 total 37.06s; total prove wall 29.02s
single-prove platform datum (box-1 4c, release): avg 5.80s / C7 334,161 gates (r121 fresh secure-8192/small compile, durable anchor in secure_gates_r121.json) - this is the C7 sub-span of the P4 205.70 s bench integration wall, now RAN at the production committee
test c7_secure_small_proves_and_verifies ... ok

test result: ok. 1 passed; 0 failed; 0 ignored; 0 measured; 0 filtered out; finished in 66.13s

	Command being timed: "cargo test --release -p e3-zk-prover --test c7_secure_small_r121 -- --nocapture"
	User time (seconds): 164.66
	System time (seconds): 38.83
	Percent of CPU this job got: 287%
	Elapsed (wall clock) time (h:mm:ss or m:ss): 1:10.87
	Average shared text size (kbytes): 0
	Average unshared data size (kbytes): 0
	Average stack size (kbytes): 0
	Average total size (kbytes): 0
	Maximum resident set size (kbytes): 526272
	Average resident set size (kbytes): 0
	Major (requiring I/O) page faults: 6491
	Minor (reclaiming a frame) page faults: 1159847
	Voluntary context switches: 26889
	Involuntary context switches: 211433
	Swaps: 0
	File system inputs: 1471400
	File system outputs: 30440
	Socket messages sent: 0
	Socket messages received: 0
	Signals delivered: 0
	Page size (bytes): 4096
	Exit status: 0
