warning: unused variable: `circuit_committee_n`
  --> crates/aggregator/src/public_key_aggregation/effects/aggregate_dkg_proofs.rs:22:13
   |
22 |             circuit_committee_n,
   |             ^^^^^^^^^^^^^^^^^^^ help: try ignoring the field: `circuit_committee_n: _`
   |
   = note: `#[warn(unused_variables)]` (part of `#[warn(unused)]`) on by default

warning: unused variable: `circuit_committee_h`
  --> crates/aggregator/src/public_key_aggregation/effects/aggregate_dkg_proofs.rs:23:13
   |
23 |             circuit_committee_h,
   |             ^^^^^^^^^^^^^^^^^^^ help: try ignoring the field: `circuit_committee_h: _`

warning: `e3-aggregator` (lib) generated 2 warnings
    Finished `release` profile [optimized] target(s) in 0.46s
     Running tests/c5_secure_small_r120.rs (target/release/deps/c5_secure_small_r120-b2f4e503f01f966d)

running 1 test
Verifying proof for circuit threshold/pk_aggregation with e3_id e3-r120-c5-0 and party_id 1
c5 prove #1/5 secure/small H=10: PROVE 27.24s / VERIFY 0.01s (ok=true)
Verifying proof for circuit threshold/pk_aggregation with e3_id e3-r120-c5-1 and party_id 1
c5 prove #2/5 secure/small H=10: PROVE 26.57s / VERIFY 0.01s (ok=true)
test c5_secure_small_proves_and_verifies has been running for over 60 seconds
Verifying proof for circuit threshold/pk_aggregation with e3_id e3-r120-c5-2 and party_id 1
c5 prove #3/5 secure/small H=10: PROVE 26.62s / VERIFY 0.01s (ok=true)
Verifying proof for circuit threshold/pk_aggregation with e3_id e3-r120-c5-3 and party_id 1
c5 prove #4/5 secure/small H=10: PROVE 26.53s / VERIFY 0.01s (ok=true)
Verifying proof for circuit threshold/pk_aggregation with e3_id e3-r120-c5-4 and party_id 1
c5 prove #5/5 secure/small H=10: PROVE 26.41s / VERIFY 0.01s (ok=true)

C5 PRODUCTION-FIELD ANCHOR GREEN @secure-8192/small (N=19/H=10/L=3): 5 PROVES, each 26.4-27.2s, avg 26.7s; samples x5 total 0.25s; total prove wall 133.4s
single-prove platform datum (box-1 4c, release): avg 26.7s / C5 2,554,248 g (r113 anchor DIGIT-EXACT) - this is the C5 sub-span of the P2 400.03 s bench integration wall, now RAN at the production committee
test c5_secure_small_proves_and_verifies ... ok

test result: ok. 1 passed; 0 failed; 0 ignored; 0 measured; 0 filtered out; finished in 133.69s

	Command being timed: "env E3_R120_STAGE_ROOT=/home/dev/interfold-research/interfold/poc/r120/root cargo test --release -p e3-zk-prover --test c5_secure_small_r120 -- --nocapture"
	User time (seconds): 383.96
	System time (seconds): 16.30
	Percent of CPU this job got: 298%
	Elapsed (wall clock) time (h:mm:ss or m:ss): 2:14.22
	Average shared text size (kbytes): 0
	Average unshared data size (kbytes): 0
	Average stack size (kbytes): 0
	Average total size (kbytes): 0
	Maximum resident set size (kbytes): 3464192
	Average resident set size (kbytes): 0
	Major (requiring I/O) page faults: 0
	Minor (reclaiming a frame) page faults: 8718911
	Voluntary context switches: 7583
	Involuntary context switches: 7747
	Swaps: 0
	File system inputs: 0
	File system outputs: 114416
	Socket messages sent: 0
	Socket messages received: 0
	Signals delivered: 0
	Page size (bytes): 4096
	Exit status: 0
