R126-LEG C2b 4c-pinned nargo compile cwd=/home/dev/interfold-research/interfold/circuits/bin/dkg/e_sm_share_computation threads=4 cputaset=0-3
R126-LEG C2b rc=0
	Command being timed: "nargo compile"
	User time (seconds): 1304.84
	System time (seconds): 19.65
	Percent of CPU this job got: 99%
	Elapsed (wall clock) time (h:mm:ss or m:ss): 22:04.59
	Average shared text size (kbytes): 0
	Average unshared data size (kbytes): 0
	Average stack size (kbytes): 0
	Average total size (kbytes): 0
	Maximum resident set size (kbytes): 31414640
	Average resident set size (kbytes): 0
	Major (requiring I/O) page faults: 4
	Minor (reclaiming a frame) page faults: 18913559
	Voluntary context switches: 350
	Involuntary context switches: 6664
	Swaps: 0
	File system inputs: 12928
	File system outputs: 126456
	Socket messages sent: 0
	Socket messages received: 0
	Signals delivered: 0
	Page size (bytes): 4096
	Exit status: 0
R126-LEG C2b artifact: 64744667 1789189166
R126-LEG C2b artifact sha16=5c1901b1952116a7
bb gates rc=0
