R126-LEG C4 4c-pinned nargo compile cwd=/home/dev/interfold-research/interfold/circuits/bin/dkg/share_decryption threads=4 cputaset=0-3
R126-LEG C4 rc=0
	Command being timed: "nargo compile"
	User time (seconds): 486.24
	System time (seconds): 6.68
	Percent of CPU this job got: 99%
	Elapsed (wall clock) time (h:mm:ss or m:ss): 8:12.99
	Average shared text size (kbytes): 0
	Average unshared data size (kbytes): 0
	Average stack size (kbytes): 0
	Average total size (kbytes): 0
	Maximum resident set size (kbytes): 18588916
	Average resident set size (kbytes): 0
	Major (requiring I/O) page faults: 0
	Minor (reclaiming a frame) page faults: 6502469
	Voluntary context switches: 2494
	Involuntary context switches: 3200
	Swaps: 0
	File system inputs: 224
	File system outputs: 27032
	Socket messages sent: 0
	Socket messages received: 0
	Signals delivered: 0
	Page size (bytes): 4096
	Exit status: 0
R126-LEG C4 artifact present: 13837193 bytes mtime=1789181896 sha16=5bbabc75143811fc
bb gates rc=0
R126-LEG config byte-restored ASSERTED (porcelain 0) wall=496s
