   Compiling e3-zk-prover v0.14.0 (/home/dev/interfold-research/interfold/crates/zk-prover)
   Compiling e3-multithread v0.14.0 (/home/dev/interfold-research/interfold/crates/multithread)
   Compiling e3-keyshare v0.14.0 (/home/dev/interfold-research/interfold/crates/keyshare)
   Compiling e3-aggregator v0.14.0 (/home/dev/interfold-research/interfold/crates/aggregator)
warning: unused variable: `circuit_committee_n`
  --> crates/aggregator/src/public_key_aggregation/effects/aggregate_dkg_proofs.rs:22:13
   |
22 |             circuit_committee_n,
   |             ^^^^^^^^^^^^^^^^^^^ help: try ignoring the field: `circuit_committee_n: _`
   |
   = note: `#[warn(unused_variables)]` (part of `#[warn(unused)]`) on by default

warning: unused variable: `circuit_committee_h`
  --> crates/aggregator/src/public_key_aggregation/effects/aggregate_dkg_proofs.rs:23:13
   |
23 |             circuit_committee_h,
   |             ^^^^^^^^^^^^^^^^^^^ help: try ignoring the field: `circuit_committee_h: _`

   Compiling e3-ciphernode-builder v0.14.0 (/home/dev/interfold-research/interfold/crates/ciphernode-builder)
   Compiling e3-test-helpers v0.14.0 (/home/dev/interfold-research/interfold/crates/test-helpers)
warning: `e3-aggregator` (lib) generated 2 warnings
    Finished `release` profile [optimized] target(s) in 31.39s
     Running tests/node_fold_function_tests_r78.rs (target/release/deps/node_fold_function_tests_r78-7c853b0b08cf1ef1)
	Command being timed: "taskset -c 0-3 cargo test --release -p e3-zk-prover --test node_fold_function_tests_r78 -- --nocapture"
	User time (seconds): 11346.02
	System time (seconds): 310.25
	Percent of CPU this job got: 292%
	Elapsed (wall clock) time (h:mm:ss or m:ss): 1:06:31
	Average shared text size (kbytes): 0
	Average unshared data size (kbytes): 0
	Average stack size (kbytes): 0
	Average total size (kbytes): 0
	Maximum resident set size (kbytes): 15449312
	Average resident set size (kbytes): 0
	Major (requiring I/O) page faults: 241
	Minor (reclaiming a frame) page faults: 322050345
	Voluntary context switches: 2253270
	Involuntary context switches: 2182410
	Swaps: 0
	File system inputs: 48264
	File system outputs: 4697840
	Socket messages sent: 0
	Socket messages received: 0
	Signals delivered: 0
	Page size (bytes): 4096
	Exit status: 0
