warning: unused variable: `circuit_committee_n`
  --> crates/aggregator/src/public_key_aggregation/effects/aggregate_dkg_proofs.rs:22:13
   |
22 |             circuit_committee_n,
   |             ^^^^^^^^^^^^^^^^^^^ help: try ignoring the field: `circuit_committee_n: _`
   |
   = note: `#[warn(unused_variables)]` (part of `#[warn(unused)]`) on by default

warning: unused variable: `circuit_committee_h`
  --> crates/aggregator/src/public_key_aggregation/effects/aggregate_dkg_proofs.rs:23:13
   |
23 |             circuit_committee_h,
   |             ^^^^^^^^^^^^^^^^^^^ help: try ignoring the field: `circuit_committee_h: _`

warning: `e3-aggregator` (lib) generated 2 warnings
   Compiling e3-zk-prover v0.14.0 (/home/dev/interfold-research/interfold/crates/zk-prover)
    Finished `release` profile [optimized] target(s) in 3.23s
     Running tests/da_secure_small_r123.rs (target/release/deps/da_secure_small_r123-cdbcf4935e4ba2cd)

running 1 test
shared world OK: d_shares.len=10 message_vec.len=8192 build=7.44s
  r123 PRODUCTION keccak domain: hi=253851075070681689317958502982541247106 lo=120459510031717238758581311556505218891 pkc=2fe6ceab7a606309971ef24fda969f154c9d2b3453ec25c8bf616fff8ddcd56a cth=0x574c85c468aa2dedb6749c608aa229c74b3012c52d7aa3e325ac15a231793ab1 chain=31337 e3=123
  c6 inner 1/10 PROVED shared-world T=9/H=10/L=3 (39.49s)
test da_secure_small_proves_and_verifies has been running for over 60 seconds
  c6 inner 2/10 PROVED shared-world T=9/H=10/L=3 (39.22s)
  c6 inner 3/10 PROVED shared-world T=9/H=10/L=3 (38.62s)
  c6 inner 4/10 PROVED shared-world T=9/H=10/L=3 (38.42s)
  c6 inner 5/10 PROVED shared-world T=9/H=10/L=3 (38.69s)
  c6 inner 6/10 PROVED shared-world T=9/H=10/L=3 (37.71s)
  c6 inner 7/10 PROVED shared-world T=9/H=10/L=3 (37.52s)
  c6 inner 8/10 PROVED shared-world T=9/H=10/L=3 (37.59s)
  c6 inner 9/10 PROVED shared-world T=9/H=10/L=3 (37.73s)
  c6 inner 10/10 PROVED shared-world T=9/H=10/L=3 (37.69s)
  c7 PROVED shared-world T=9/H=10/L=3 (5.71s)
  DecryptionAggregator EVM PROVED (139.73s)
  DA EVM verify ok=true (0.0082s)

  C6 inners x10 (Recursive, shared) total            382.68s
  C7 (Default, shared)                                 5.71s
  DecryptionAggregator (Evm, production API)         139.73s
  DA EVM verify (ok=true)                              0.01s

DecryptionAggregator PRODUCTION-FIELD ANCHOR GREEN (REAL keccak DOMAIN) @secure-8192/small (N=19/T=9/H=10/L=3).
  Build shared world 7.44s; leg compute 535.58s @4c (7.8 GiB / 30-60m budget).
  r123: the r122 stand-in domain (1,2) is REPLACED by the production keccak-derived domain end to end (C6 x10 + C7 + c6_fold + DA Evm + EVM verify, all on the SAME derived domain).
test da_secure_small_proves_and_verifies ... ok

test result: ok. 1 passed; 0 failed; 0 ignored; 0 measured; 0 filtered out; finished in 535.88s

	Command being timed: "env E3_R123_STAGE_ROOT=/home/dev/interfold-research/interfold/poc/r122/root cargo test --release -p e3-zk-prover --test da_secure_small_r123 -- --nocapture"
	User time (seconds): 1559.71
	System time (seconds): 64.71
	Percent of CPU this job got: 301%
	Elapsed (wall clock) time (h:mm:ss or m:ss): 8:59.34
	Average shared text size (kbytes): 0
	Average unshared data size (kbytes): 0
	Average stack size (kbytes): 0
	Average total size (kbytes): 0
	Maximum resident set size (kbytes): 3624888
	Average resident set size (kbytes): 0
	Major (requiring I/O) page faults: 12055
	Minor (reclaiming a frame) page faults: 25892512
	Voluntary context switches: 108102
	Involuntary context switches: 74542
	Swaps: 0
	File system inputs: 2893040
	File system outputs: 373240
	Socket messages sent: 0
	Socket messages received: 0
	Signals delivered: 0
	Page size (bytes): 4096
	Exit status: 0
RC_TEST=0
