Command terminated by signal 9
	Command being timed: "nargo compile"
	User time (seconds): 761.83
	System time (seconds): 22.95
	Percent of CPU this job got: 338%
	Elapsed (wall clock) time (h:mm:ss or m:ss): 3:51.63
	Average shared text size (kbytes): 0
	Average unshared data size (kbytes): 0
	Average stack size (kbytes): 0
	Average total size (kbytes): 0
	Maximum resident set size (kbytes): 31612108
	Average resident set size (kbytes): 0
	Major (requiring I/O) page faults: 81815
	Minor (reclaiming a frame) page faults: 17984891
	Voluntary context switches: 93808
	Involuntary context switches: 3463
	Swaps: 0
	File system inputs: 16717840
	File system outputs: 28784
	Socket messages sent: 0
	Socket messages received: 0
	Signals delivered: 0
	Page size (bytes): 4096
	Exit status: 0
